Archive member included to satisfy reference by file (symbol)

lib/Debug/libsystem_config.a(init.o)
                              (Entry)
lib/Debug/libsystem_config.a(startup.o)
                              lib/Debug/libsystem_config.a(init.o) (start_boot)
lib/Debug/libsystem_config.a(cp15.o)
                              lib/Debug/libsystem_config.a(startup.o) (CP15VectorBaseAddrSet)
lib/Debug/libsystem_config.a(exceptionhandler.o)
                              lib/Debug/libsystem_config.a(startup.o) (IRQHandler)
lib/Debug/libsystem_config.a(interrupt.o)
                              lib/Debug/libsystem_config.a(exceptionhandler.o) (fnRAMVectors)
lib/Debug/libsystem_config.a(cpu.o)
                              lib/Debug/libsystem_config.a(exceptionhandler.o) (CPUAbortHandler)
/usr/lib/gcc/arm-none-eabi/4.9.3//libgcc.a(_udivsi3.o)
                              (__aeabi_uidiv)
/usr/lib/gcc/arm-none-eabi/4.9.3//libgcc.a(_divsi3.o)
                              (__aeabi_idiv)
/usr/lib/gcc/arm-none-eabi/4.9.3//libgcc.a(_dvmd_tls.o)
                              /usr/lib/gcc/arm-none-eabi/4.9.3//libgcc.a(_udivsi3.o) (__aeabi_idiv0)
/usr/lib/gcc/arm-none-eabi/4.9.3//libgcc.a(_arm_addsubdf3.o)
                              Debug/main.o (__aeabi_dsub)
/usr/lib/gcc/arm-none-eabi/4.9.3//libgcc.a(_arm_truncdfsf2.o)
                              Debug/main.o (__aeabi_d2f)
/usr/lib/gcc/arm-none-eabi/4.9.3//libgcc.a(_arm_cmpsf2.o)
                              Debug/main.o (__aeabi_fcmpgt)

Allocating common symbols
Common symbol       size              file

fnRAMVectors        0x200             lib/Debug/libsystem_config.a(interrupt.o)

Discarded input sections

 .text          0x0000000000000000        0x0 Debug/ascii.o
 .data          0x0000000000000000        0x0 Debug/ascii.o
 .bss           0x0000000000000000        0x0 Debug/ascii.o
 .text.ASCIIToDigit
                0x0000000000000000       0xec Debug/ascii.o
 .text.DigitToASCII
                0x0000000000000000       0xbc Debug/ascii.o
 .text.StrToEthrAddr
                0x0000000000000000      0x184 Debug/ascii.o
 .text.EthrAddrToStr
                0x0000000000000000      0x180 Debug/ascii.o
 .text.TimeToStr
                0x0000000000000000      0x194 Debug/ascii.o
 .text.DateToStr
                0x0000000000000000      0x194 Debug/ascii.o
 .debug_info    0x0000000000000000      0x267 Debug/ascii.o
 .debug_abbrev  0x0000000000000000       0xcc Debug/ascii.o
 .debug_aranges
                0x0000000000000000       0x48 Debug/ascii.o
 .debug_ranges  0x0000000000000000       0x38 Debug/ascii.o
 .debug_line    0x0000000000000000      0x1a3 Debug/ascii.o
 .debug_str     0x0000000000000000      0x202 Debug/ascii.o
 .comment       0x0000000000000000       0x39 Debug/ascii.o
 .debug_frame   0x0000000000000000       0xd0 Debug/ascii.o
 .ARM.attributes
                0x0000000000000000       0x37 Debug/ascii.o
 .text          0x0000000000000000        0x0 Debug/consoleUtils.o
 .data          0x0000000000000000        0x0 Debug/consoleUtils.o
 .bss           0x0000000000000000        0x0 Debug/consoleUtils.o
 .text.ConsoleUtilsInit
                0x0000000000000000       0x18 Debug/consoleUtils.o
 .text.ConsoleUtilsSetType
                0x0000000000000000       0x54 Debug/consoleUtils.o
 .text.ConsoleUtilsScanf
                0x0000000000000000       0x80 Debug/consoleUtils.o
 .text.ConsoleUtilsGets
                0x0000000000000000       0x74 Debug/consoleUtils.o
 .text.ConsoleUtilsPuts
                0x0000000000000000       0x60 Debug/consoleUtils.o
 .text.ConsoleUtilsGetChar
                0x0000000000000000       0xa8 Debug/consoleUtils.o
 .text.ConsoleUtilsPutChar
                0x0000000000000000       0x60 Debug/consoleUtils.o
 .text          0x0000000000000000        0x0 Debug/main.o
 .data          0x0000000000000000        0x0 Debug/main.o
 .bss           0x0000000000000000        0x0 Debug/main.o
 .text          0x0000000000000000        0x0 Debug/uart.o
 .data          0x0000000000000000        0x0 Debug/uart.o
 .bss           0x0000000000000000        0x0 Debug/uart.o
 .text.UARTPinMuxSetup
                0x0000000000000000       0x48 Debug/uart.o
 .text.UART0ModuleClkConfig
                0x0000000000000000      0x35c Debug/uart.o
 .debug_info    0x0000000000000000       0x70 Debug/uart.o
 .debug_abbrev  0x0000000000000000       0x60 Debug/uart.o
 .debug_aranges
                0x0000000000000000       0x28 Debug/uart.o
 .debug_ranges  0x0000000000000000       0x18 Debug/uart.o
 .debug_line    0x0000000000000000      0x147 Debug/uart.o
 .debug_str     0x0000000000000000      0x16c Debug/uart.o
 .comment       0x0000000000000000       0x39 Debug/uart.o
 .debug_frame   0x0000000000000000       0x54 Debug/uart.o
 .ARM.attributes
                0x0000000000000000       0x37 Debug/uart.o
 .text          0x0000000000000000        0x0 Debug/uartConsole.o
 .data          0x0000000000000000        0x0 Debug/uartConsole.o
 .bss           0x0000000000000000        0x0 Debug/uartConsole.o
 .text.UARTStdioInitExpClk
                0x0000000000000000       0xd0 Debug/uartConsole.o
 .text.UartFIFOConfigure
                0x0000000000000000       0x64 Debug/uartConsole.o
 .text.UartBaudRateSet
                0x0000000000000000       0x5c Debug/uartConsole.o
 .text.UARTConsoleInit
                0x0000000000000000       0x44 Debug/uartConsole.o
 .text.UARTConsoleGetc
                0x0000000000000000       0x2c Debug/uartConsole.o
 .text          0x0000000000000000        0x0 Debug/uartStdio.o
 .data          0x0000000000000000        0x0 Debug/uartStdio.o
 .bss           0x0000000000000000        0x0 Debug/uartStdio.o
 .rodata.g_pcHex
                0x0000000000000000        0x4 Debug/uartStdio.o
 .text.UARTStdioInit
                0x0000000000000000       0x18 Debug/uartStdio.o
 .text.UARTStdioRead
                0x0000000000000000       0xcc Debug/uartStdio.o
 .text.UARTGets
                0x0000000000000000       0xd8 Debug/uartStdio.o
 .text.UARTPutNum
                0x0000000000000000      0x164 Debug/uartStdio.o
 .text.UARTPutHexNum
                0x0000000000000000      0x170 Debug/uartStdio.o
 .text.UARTGetNum
                0x0000000000000000      0x118 Debug/uartStdio.o
 .text.UARTGetHexNum
                0x0000000000000000      0x2e4 Debug/uartStdio.o
 .text.UARTGetc
                0x0000000000000000       0x20 Debug/uartStdio.o
 .text.UARTprintf
                0x0000000000000000      0x668 Debug/uartStdio.o
 .text.UARTScanf
                0x0000000000000000      0x9f8 Debug/uartStdio.o
 .text          0x0000000000000000        0x0 Debug/uart_irda_cir.o
 .data          0x0000000000000000        0x0 Debug/uart_irda_cir.o
 .bss           0x0000000000000000        0x0 Debug/uart_irda_cir.o
 .text.UARTOperatingModeSelect
                0x0000000000000000       0x8c Debug/uart_irda_cir.o
 .text.UARTDivisorValCompute
                0x0000000000000000      0x104 Debug/uart_irda_cir.o
 .text.UARTDivisorLatchWrite
                0x0000000000000000      0x22c Debug/uart_irda_cir.o
 .text.UARTDivisorLatchEnable
                0x0000000000000000       0x3c Debug/uart_irda_cir.o
 .text.UARTDivisorLatchDisable
                0x0000000000000000       0x3c Debug/uart_irda_cir.o
 .text.UARTRegConfModeRestore
                0x0000000000000000       0x34 Debug/uart_irda_cir.o
 .text.UARTBreakCtl
                0x0000000000000000       0x68 Debug/uart_irda_cir.o
 .text.UARTLineCharacConfig
                0x0000000000000000       0xb4 Debug/uart_irda_cir.o
 .text.UARTParityModeSet
                0x0000000000000000       0x68 Debug/uart_irda_cir.o
 .text.UARTParityModeGet
                0x0000000000000000       0x30 Debug/uart_irda_cir.o
 .text.UARTFIFOConfig
                0x0000000000000000      0x4b8 Debug/uart_irda_cir.o
 .text.UARTDMAEnable
                0x0000000000000000       0x8c Debug/uart_irda_cir.o
 .text.UARTDMADisable
                0x0000000000000000       0x5c Debug/uart_irda_cir.o
 .text.UARTFIFORegisterWrite
                0x0000000000000000       0xc8 Debug/uart_irda_cir.o
 .text.UARTEnhanFuncEnable
                0x0000000000000000       0x90 Debug/uart_irda_cir.o
 .text.UARTEnhanFuncBitValRestore
                0x0000000000000000       0x98 Debug/uart_irda_cir.o
 .text.UARTSubConfigMSRSPRModeEn
                0x0000000000000000      0x138 Debug/uart_irda_cir.o
 .text.UARTSubConfigTCRTLRModeEn
                0x0000000000000000      0x138 Debug/uart_irda_cir.o
 .text.UARTSubConfigXOFFModeEn
                0x0000000000000000      0x138 Debug/uart_irda_cir.o
 .text.UARTTCRTLRBitValRestore
                0x0000000000000000      0x140 Debug/uart_irda_cir.o
 .text.UARTIntEnable
                0x0000000000000000      0x148 Debug/uart_irda_cir.o
 .text.UARTIntDisable
                0x0000000000000000      0x124 Debug/uart_irda_cir.o
 .text.UARTSpaceAvail
                0x0000000000000000       0x7c Debug/uart_irda_cir.o
 .text.UARTCharsAvail
                0x0000000000000000       0x7c Debug/uart_irda_cir.o
 .text.UARTCharPutNonBlocking
                0x0000000000000000       0x90 Debug/uart_irda_cir.o
 .text.UARTCharGetNonBlocking
                0x0000000000000000       0x84 Debug/uart_irda_cir.o
 .text.UARTCharGet
                0x0000000000000000       0x88 Debug/uart_irda_cir.o
 .text.UARTCharGetTimeout
                0x0000000000000000       0xb0 Debug/uart_irda_cir.o
 .text.UARTFIFOCharPut
                0x0000000000000000       0x30 Debug/uart_irda_cir.o
 .text.UARTFIFOCharGet
                0x0000000000000000       0x30 Debug/uart_irda_cir.o
 .text.UARTFIFOWrite
                0x0000000000000000       0x74 Debug/uart_irda_cir.o
 .text.UARTRxErrorGet
                0x0000000000000000       0x70 Debug/uart_irda_cir.o
 .text.UARTIntIdentityGet
                0x0000000000000000       0x70 Debug/uart_irda_cir.o
 .text.UARTIntPendingStatusGet
                0x0000000000000000       0x7c Debug/uart_irda_cir.o
 .text.UARTFIFOEnableStatusGet
                0x0000000000000000       0x7c Debug/uart_irda_cir.o
 .text.UARTAutoRTSAutoCTSControl
                0x0000000000000000       0xc4 Debug/uart_irda_cir.o
 .text.UARTSpecialCharDetectControl
                0x0000000000000000       0x98 Debug/uart_irda_cir.o
 .text.UARTSoftwareFlowCtrlOptSet
                0x0000000000000000       0x98 Debug/uart_irda_cir.o
 .text.UARTPulseShapingControl
                0x0000000000000000       0x68 Debug/uart_irda_cir.o
 .text.UARTModuleReset
                0x0000000000000000       0x58 Debug/uart_irda_cir.o
 .text.UARTIdleModeConfigure
                0x0000000000000000       0x68 Debug/uart_irda_cir.o
 .text.UARTWakeUpControl
                0x0000000000000000       0x68 Debug/uart_irda_cir.o
 .text.UARTAutoIdleModeControl
                0x0000000000000000       0x68 Debug/uart_irda_cir.o
 .text.UARTFlowCtrlTrigLvlConfig
                0x0000000000000000       0x64 Debug/uart_irda_cir.o
 .text.UARTXON1XOFF1ValProgram
                0x0000000000000000       0x54 Debug/uart_irda_cir.o
 .text.UARTXON2XOFF2ValProgram
                0x0000000000000000       0x54 Debug/uart_irda_cir.o
 .text.UARTXONAnyFeatureControl
                0x0000000000000000      0x118 Debug/uart_irda_cir.o
 .text.UARTLoopbackModeControl
                0x0000000000000000       0x68 Debug/uart_irda_cir.o
 .text.UARTModemControlSet
                0x0000000000000000       0x48 Debug/uart_irda_cir.o
 .text.UARTModemControlClear
                0x0000000000000000       0x4c Debug/uart_irda_cir.o
 .text.UARTModemStatusGet
                0x0000000000000000       0x30 Debug/uart_irda_cir.o
 .text.UARTModemStatusChangeCheck
                0x0000000000000000       0x30 Debug/uart_irda_cir.o
 .text.UARTResumeOperation
                0x0000000000000000       0x28 Debug/uart_irda_cir.o
 .text.UARTWakeUpEventsEnable
                0x0000000000000000       0x48 Debug/uart_irda_cir.o
 .text.UARTWakeUpEventsDisable
                0x0000000000000000       0x4c Debug/uart_irda_cir.o
 .text.UARTFIFOTrigLvlGranControl
                0x0000000000000000       0x94 Debug/uart_irda_cir.o
 .text.UARTDSRInterruptControl
                0x0000000000000000       0x68 Debug/uart_irda_cir.o
 .text.UARTTxEmptyIntControl
                0x0000000000000000       0x68 Debug/uart_irda_cir.o
 .text.UARTRXCTSDSRWakeUpConfigure
                0x0000000000000000       0x68 Debug/uart_irda_cir.o
 .text.UARTRXCTSDSRTransitionStatusGet
                0x0000000000000000       0x30 Debug/uart_irda_cir.o
 .text.UARTDMACounterResetControl
                0x0000000000000000       0x68 Debug/uart_irda_cir.o
 .text.UARTTxFIFOFullStatusGet
                0x0000000000000000       0x30 Debug/uart_irda_cir.o
 .text.UARTTxFIFOLevelGet
                0x0000000000000000       0x2c Debug/uart_irda_cir.o
 .text.UARTRxFIFOLevelGet
                0x0000000000000000       0x2c Debug/uart_irda_cir.o
 .text.UARTAutobaudParityGet
                0x0000000000000000       0x70 Debug/uart_irda_cir.o
 .text.UARTAutobaudWordLenGet
                0x0000000000000000       0x70 Debug/uart_irda_cir.o
 .text.UARTAutobaudSpeedGet
                0x0000000000000000       0x70 Debug/uart_irda_cir.o
 .text.UARTScratchPadRegWrite
                0x0000000000000000       0x68 Debug/uart_irda_cir.o
 .text.UARTScratchPadRegRead
                0x0000000000000000       0x30 Debug/uart_irda_cir.o
 .text.UARTModuleVersionNumberGet
                0x0000000000000000       0x30 Debug/uart_irda_cir.o
 .text.UARTTxDMAThresholdControl
                0x0000000000000000       0x68 Debug/uart_irda_cir.o
 .text.UARTTxDMAThresholdValConfig
                0x0000000000000000       0x68 Debug/uart_irda_cir.o
 .data          0x0000000000000000        0x0 lib/Debug/libsystem_config.a(init.o)
 .bss           0x0000000000000000        0x0 lib/Debug/libsystem_config.a(init.o)
 .text          0x0000000000000000        0x0 lib/Debug/libsystem_config.a(startup.o)
 .data          0x0000000000000000        0x0 lib/Debug/libsystem_config.a(startup.o)
 .bss           0x0000000000000000        0x0 lib/Debug/libsystem_config.a(startup.o)
 .rodata.AM335X_VECTOR_BASE
                0x0000000000000000        0x4 lib/Debug/libsystem_config.a(startup.o)
 .data          0x0000000000000000        0x0 lib/Debug/libsystem_config.a(cp15.o)
 .bss           0x0000000000000000        0x0 lib/Debug/libsystem_config.a(cp15.o)
 .data          0x0000000000000000        0x0 lib/Debug/libsystem_config.a(exceptionhandler.o)
 .bss           0x0000000000000000        0x0 lib/Debug/libsystem_config.a(exceptionhandler.o)
 .text          0x0000000000000000        0x0 lib/Debug/libsystem_config.a(interrupt.o)
 .data          0x0000000000000000        0x0 lib/Debug/libsystem_config.a(interrupt.o)
 .bss           0x0000000000000000        0x0 lib/Debug/libsystem_config.a(interrupt.o)
 .text.IntDefaultHandler
                0x0000000000000000       0x18 lib/Debug/libsystem_config.a(interrupt.o)
 .text.IntRegister
                0x0000000000000000       0x38 lib/Debug/libsystem_config.a(interrupt.o)
 .text.IntUnRegister
                0x0000000000000000       0x38 lib/Debug/libsystem_config.a(interrupt.o)
 .text.IntAINTCInit
                0x0000000000000000       0x94 lib/Debug/libsystem_config.a(interrupt.o)
 .text.IntPrioritySet
                0x0000000000000000       0x58 lib/Debug/libsystem_config.a(interrupt.o)
 .text.IntSystemEnable
                0x0000000000000000       0x54 lib/Debug/libsystem_config.a(interrupt.o)
 .text.IntSystemDisable
                0x0000000000000000       0x54 lib/Debug/libsystem_config.a(interrupt.o)
 .text.IntIfClkFreeRunSet
                0x0000000000000000       0x34 lib/Debug/libsystem_config.a(interrupt.o)
 .text.IntIfClkAutoGateSet
                0x0000000000000000       0x34 lib/Debug/libsystem_config.a(interrupt.o)
 .text.IntActiveIrqNumGet
                0x0000000000000000       0x28 lib/Debug/libsystem_config.a(interrupt.o)
 .text.IntSpurIrqFlagGet
                0x0000000000000000       0x2c lib/Debug/libsystem_config.a(interrupt.o)
 .text.IntProtectionEnable
                0x0000000000000000       0x28 lib/Debug/libsystem_config.a(interrupt.o)
 .text.IntProtectionDisable
                0x0000000000000000       0x34 lib/Debug/libsystem_config.a(interrupt.o)
 .text.IntSyncClkFreeRunSet
                0x0000000000000000       0x34 lib/Debug/libsystem_config.a(interrupt.o)
 .text.IntSyncClkAutoGateSet
                0x0000000000000000       0x34 lib/Debug/libsystem_config.a(interrupt.o)
 .text.IntFuncClkFreeRunSet
                0x0000000000000000       0x34 lib/Debug/libsystem_config.a(interrupt.o)
 .text.IntFuncClkAutoGateSet
                0x0000000000000000       0x34 lib/Debug/libsystem_config.a(interrupt.o)
 .text.IntCurrIrqPriorityGet
                0x0000000000000000       0x28 lib/Debug/libsystem_config.a(interrupt.o)
 .text.IntPriorityThresholdGet
                0x0000000000000000       0x28 lib/Debug/libsystem_config.a(interrupt.o)
 .text.IntPriorityThresholdSet
                0x0000000000000000       0x34 lib/Debug/libsystem_config.a(interrupt.o)
 .text.IntRawStatusGet
                0x0000000000000000       0x5c lib/Debug/libsystem_config.a(interrupt.o)
 .text.IntSoftwareIntSet
                0x0000000000000000       0x50 lib/Debug/libsystem_config.a(interrupt.o)
 .text.IntSoftwareIntClear
                0x0000000000000000       0x50 lib/Debug/libsystem_config.a(interrupt.o)
 .text.IntPendingIrqMaskedStatusGet
                0x0000000000000000       0x58 lib/Debug/libsystem_config.a(interrupt.o)
 .text.IntMasterIRQEnable
                0x0000000000000000       0x1c lib/Debug/libsystem_config.a(interrupt.o)
 .text.IntMasterIRQDisable
                0x0000000000000000       0x1c lib/Debug/libsystem_config.a(interrupt.o)
 .text.IntMasterFIQEnable
                0x0000000000000000       0x1c lib/Debug/libsystem_config.a(interrupt.o)
 .text.IntMasterFIQDisable
                0x0000000000000000       0x1c lib/Debug/libsystem_config.a(interrupt.o)
 .text.IntMasterStatusGet
                0x0000000000000000       0x20 lib/Debug/libsystem_config.a(interrupt.o)
 .text.IntDisable
                0x0000000000000000       0x3c lib/Debug/libsystem_config.a(interrupt.o)
 .text.IntEnable
                0x0000000000000000       0x38 lib/Debug/libsystem_config.a(interrupt.o)
 .text          0x0000000000000000        0x0 lib/Debug/libsystem_config.a(cpu.o)
 .data          0x0000000000000000        0x0 lib/Debug/libsystem_config.a(cpu.o)
 .bss           0x0000000000000000        0x0 lib/Debug/libsystem_config.a(cpu.o)
 .text.CPUSwitchToPrivilegedMode
                0x0000000000000000       0x1c lib/Debug/libsystem_config.a(cpu.o)
 .text.CPUSwitchToUserMode
                0x0000000000000000       0x28 lib/Debug/libsystem_config.a(cpu.o)
 .text.CPUAbortHandler
                0x0000000000000000       0x18 lib/Debug/libsystem_config.a(cpu.o)
 .text.CPUIntStatus
                0x0000000000000000       0x2c lib/Debug/libsystem_config.a(cpu.o)
 .text.CPUirqd  0x0000000000000000       0x28 lib/Debug/libsystem_config.a(cpu.o)
 .text.CPUirqe  0x0000000000000000       0x28 lib/Debug/libsystem_config.a(cpu.o)
 .text.CPUfiqd  0x0000000000000000       0x28 lib/Debug/libsystem_config.a(cpu.o)
 .text.CPUfiqe  0x0000000000000000       0x28 lib/Debug/libsystem_config.a(cpu.o)
 .debug_info    0x0000000000000000       0xcc lib/Debug/libsystem_config.a(cpu.o)
 .debug_abbrev  0x0000000000000000       0x62 lib/Debug/libsystem_config.a(cpu.o)
 .debug_aranges
                0x0000000000000000       0x58 lib/Debug/libsystem_config.a(cpu.o)
 .debug_ranges  0x0000000000000000       0x48 lib/Debug/libsystem_config.a(cpu.o)
 .debug_line    0x0000000000000000       0xd8 lib/Debug/libsystem_config.a(cpu.o)
 .debug_str     0x0000000000000000      0x1ce lib/Debug/libsystem_config.a(cpu.o)
 .comment       0x0000000000000000       0x6f lib/Debug/libsystem_config.a(cpu.o)
 .debug_frame   0x0000000000000000      0x110 lib/Debug/libsystem_config.a(cpu.o)
 .ARM.attributes
                0x0000000000000000       0x3b lib/Debug/libsystem_config.a(cpu.o)
 .data          0x0000000000000000        0x0 /usr/lib/gcc/arm-none-eabi/4.9.3//libgcc.a(_udivsi3.o)
 .bss           0x0000000000000000        0x0 /usr/lib/gcc/arm-none-eabi/4.9.3//libgcc.a(_udivsi3.o)
 .data          0x0000000000000000        0x0 /usr/lib/gcc/arm-none-eabi/4.9.3//libgcc.a(_divsi3.o)
 .bss           0x0000000000000000        0x0 /usr/lib/gcc/arm-none-eabi/4.9.3//libgcc.a(_divsi3.o)
 .data          0x0000000000000000        0x0 /usr/lib/gcc/arm-none-eabi/4.9.3//libgcc.a(_dvmd_tls.o)
 .bss           0x0000000000000000        0x0 /usr/lib/gcc/arm-none-eabi/4.9.3//libgcc.a(_dvmd_tls.o)
 .data          0x0000000000000000        0x0 /usr/lib/gcc/arm-none-eabi/4.9.3//libgcc.a(_arm_addsubdf3.o)
 .bss           0x0000000000000000        0x0 /usr/lib/gcc/arm-none-eabi/4.9.3//libgcc.a(_arm_addsubdf3.o)
 .data          0x0000000000000000        0x0 /usr/lib/gcc/arm-none-eabi/4.9.3//libgcc.a(_arm_truncdfsf2.o)
 .bss           0x0000000000000000        0x0 /usr/lib/gcc/arm-none-eabi/4.9.3//libgcc.a(_arm_truncdfsf2.o)
 .data          0x0000000000000000        0x0 /usr/lib/gcc/arm-none-eabi/4.9.3//libgcc.a(_arm_cmpsf2.o)
 .bss           0x0000000000000000        0x0 /usr/lib/gcc/arm-none-eabi/4.9.3//libgcc.a(_arm_cmpsf2.o)

Memory Configuration

Name             Origin             Length             Attributes
DDR0             0x0000000080000000 0x0000000010000000
*default*        0x0000000000000000 0xffffffffffffffff

Linker script and memory map

LOAD Debug/ascii.o
LOAD Debug/consoleUtils.o
LOAD Debug/main.o
LOAD Debug/uart.o
LOAD Debug/uartConsole.o
LOAD Debug/uartStdio.o
LOAD Debug/uart_irda_cir.o
LOAD lib/Debug/libsystem_config.a
LOAD /usr/lib/arm-none-eabi/lib//libc.a
LOAD /usr/lib/gcc/arm-none-eabi/4.9.3//libgcc.a
LOAD lib/Debug/libsystem_config.a

.startcode      0x0000000080000000       0xb4
                0x0000000080000000                . = ALIGN (0x4)
 *init.o(.text)
 .text          0x0000000080000000       0xb4 lib/Debug/libsystem_config.a(init.o)
                0x0000000080000000                Entry

.text           0x00000000800000b4     0x1a24
                0x00000000800000b4                . = ALIGN (0x4)
 *(.text*)
 .text.ConsoleUtilsPrintf
                0x00000000800000b4       0x6c Debug/consoleUtils.o
                0x00000000800000b4                ConsoleUtilsPrintf
 .text.main     0x0000000080000120      0x110 Debug/main.o
                0x0000000080000120                main
 .text.UARTConsolePutc
                0x0000000080000230       0x38 Debug/uartConsole.o
                0x0000000080000230                UARTConsolePutc
 .text.UARTPuts
                0x0000000080000268       0xe0 Debug/uartStdio.o
                0x0000000080000268                UARTPuts
 .text.UARTPutc
                0x0000000080000348       0x30 Debug/uartStdio.o
                0x0000000080000348                UARTPutc
 .text.UARTwrite
                0x0000000080000378       0x94 Debug/uartStdio.o
                0x0000000080000378                UARTwrite
 .text.UARTPrintf
                0x000000008000040c      0x65c Debug/uartStdio.o
                0x000000008000040c                UARTPrintf
 .text.UARTRegConfigModeEnable
                0x0000000080000a68       0xa0 Debug/uart_irda_cir.o
                0x0000000080000a68                UARTRegConfigModeEnable
 .text.UARTCharPut
                0x0000000080000b08       0x7c Debug/uart_irda_cir.o
                0x0000000080000b08                UARTCharPut
 .text.start_boot
                0x0000000080000b84       0x24 lib/Debug/libsystem_config.a(startup.o)
                0x0000000080000b84                start_boot
 .text.CopyVectorTable
                0x0000000080000ba8       0x94 lib/Debug/libsystem_config.a(startup.o)
 .text          0x0000000080000c3c      0x488 lib/Debug/libsystem_config.a(cp15.o)
                0x0000000080000c3c                CP15ICacheDisable
                0x0000000080000c58                CP15DCacheDisable
                0x0000000080000c74                CP15ICacheEnable
                0x0000000080000c84                CP15DCacheEnable
                0x0000000080000c94                CP15DCacheFlush
                0x0000000080000d28                CP15DCacheClean
                0x0000000080000dbc                CP15DCacheCleanFlush
                0x0000000080000e50                CP15ICacheFlush
                0x0000000080000e60                CP15DCacheCleanBuff
                0x0000000080000eb4                CP15DCacheCleanFlushBuff
                0x0000000080000f08                CP15DCacheFlushBuff
                0x0000000080000f6c                CP15ICacheFlushBuff
                0x0000000080000fc0                CP15Ttb0Set
                0x0000000080000fcc                CP15TlbInvalidate
                0x0000000080000fd8                CP15MMUDisable
                0x0000000080000ff0                CP15MMUEnable
                0x0000000080001004                CP15VectorBaseAddrSet
                0x0000000080001010                CP15BranchPredictorInvalidate
                0x000000008000101c                CP15BranchPredictionEnable
                0x000000008000102c                CP15BranchPredictionDisable
                0x000000008000103c                CP15DomainAccessClientSet
                0x000000008000104c                CP15ControlFeatureDisable
                0x0000000080001060                CP15ControlFeatureEnable
                0x0000000080001074                CP15TtbCtlTtb0Config
                0x0000000080001084                CP15AuxControlFeatureEnable
                0x0000000080001098                CP15AuxControlFeatureDisable
                0x00000000800010ac                CP15MainIdPrimPartNumGet
 .text          0x00000000800010c4       0xf0 lib/Debug/libsystem_config.a(exceptionhandler.o)
                0x00000000800010c4                SVC_Handler
                0x00000000800010ec                IRQHandler
                0x0000000080001198                FIQHandler
                0x000000008000119c                UndefInstHandler
                0x000000008000119c                AbortHandler
 .text          0x00000000800011b4      0x114 /usr/lib/gcc/arm-none-eabi/4.9.3//libgcc.a(_udivsi3.o)
                0x00000000800011b4                __udivsi3
                0x00000000800011b4                __aeabi_uidiv
                0x00000000800012a8                __aeabi_uidivmod
 .text          0x00000000800012c8      0x148 /usr/lib/gcc/arm-none-eabi/4.9.3//libgcc.a(_divsi3.o)
                0x00000000800012c8                __aeabi_idiv
                0x00000000800012c8                __divsi3
                0x00000000800013f0                __aeabi_idivmod
 .text          0x0000000080001410        0x4 /usr/lib/gcc/arm-none-eabi/4.9.3//libgcc.a(_dvmd_tls.o)
                0x0000000080001410                __aeabi_ldiv0
                0x0000000080001410                __aeabi_idiv0
 .text          0x0000000080001414      0x41c /usr/lib/gcc/arm-none-eabi/4.9.3//libgcc.a(_arm_addsubdf3.o)
                0x0000000080001414                __aeabi_drsub
                0x000000008000141c                __aeabi_dsub
                0x000000008000141c                __subdf3
                0x0000000080001420                __adddf3
                0x0000000080001420                __aeabi_dadd
                0x0000000080001730                __aeabi_ui2d
                0x0000000080001730                __floatunsidf
                0x0000000080001754                __floatsidf
                0x0000000080001754                __aeabi_i2d
                0x000000008000177c                __extendsfdf2
                0x000000008000177c                __aeabi_f2d
                0x00000000800017bc                __aeabi_ul2d
                0x00000000800017bc                __floatundidf
                0x00000000800017d0                __floatdidf
                0x00000000800017d0                __aeabi_l2d
 .text          0x0000000080001830       0xa0 /usr/lib/gcc/arm-none-eabi/4.9.3//libgcc.a(_arm_truncdfsf2.o)
                0x0000000080001830                __aeabi_d2f
                0x0000000080001830                __truncdfsf2
 .text          0x00000000800018d0      0x114 /usr/lib/gcc/arm-none-eabi/4.9.3//libgcc.a(_arm_cmpsf2.o)
                0x00000000800018d0                __gtsf2
                0x00000000800018d0                __gesf2
                0x00000000800018d8                __lesf2
                0x00000000800018d8                __ltsf2
                0x00000000800018e0                __nesf2
                0x00000000800018e0                __eqsf2
                0x00000000800018e0                __cmpsf2
                0x0000000080001944                __aeabi_cfrcmple
                0x0000000080001954                __aeabi_cfcmple
                0x0000000080001954                __aeabi_cfcmpeq
                0x000000008000196c                __aeabi_fcmpeq
                0x0000000080001984                __aeabi_fcmplt
                0x000000008000199c                __aeabi_fcmple
                0x00000000800019b4                __aeabi_fcmpge
                0x00000000800019cc                __aeabi_fcmpgt
 *(.rodata*)
 .rodata        0x00000000800019e4       0x50 Debug/consoleUtils.o
 .rodata        0x0000000080001a34        0xa Debug/main.o
 *fill*         0x0000000080001a3e        0x2 
 .rodata        0x0000000080001a40       0x60 Debug/uartStdio.o
 .rodata.vecTbl
                0x0000000080001aa0       0x38 lib/Debug/libsystem_config.a(startup.o)

.glue_7         0x0000000080001ad8        0x0
 .glue_7        0x0000000080001ad8        0x0 linker stubs

.glue_7t        0x0000000080001ad8        0x0
 .glue_7t       0x0000000080001ad8        0x0 linker stubs

.vfp11_veneer   0x0000000080001ad8        0x0
 .vfp11_veneer  0x0000000080001ad8        0x0 linker stubs

.v4_bx          0x0000000080001ad8        0x0
 .v4_bx         0x0000000080001ad8        0x0 linker stubs

.iplt           0x0000000080001ad8        0x0
 .iplt          0x0000000080001ad8        0x0 Debug/ascii.o

.rel.dyn        0x0000000080001ad8        0x0
 .rel.iplt      0x0000000080001ad8        0x0 Debug/ascii.o

.data           0x0000000080001ad8        0x0
                0x0000000080001ad8                . = ALIGN (0x4)
 *(.data*)

.igot.plt       0x0000000080001ad8        0x0
 .igot.plt      0x0000000080001ad8        0x0 Debug/ascii.o

.bss            0x0000000080001ad8      0x204
                0x0000000080001ad8                . = ALIGN (0x4)
                0x0000000080001ad8                _bss_start = .
 *(.bss*)
 .bss.ConsoleType
                0x0000000080001ad8        0x1 Debug/consoleUtils.o
 *(COMMON)
 *fill*         0x0000000080001ad9        0x3 
 COMMON         0x0000000080001adc      0x200 lib/Debug/libsystem_config.a(interrupt.o)
                0x0000000080001adc                fnRAMVectors
                0x0000000080001cdc                _bss_end = .

.heap           0x0000000080001cdc      0x800
                0x0000000080001cdc                . = ALIGN (0x4)
                0x0000000080001cdc                __end__ = .
                0x0000000080001cdc                end = __end__
                0x0000000080001cdc                __HeapBase = __end__
 *(.heap*)
                0x00000000800024dc                . = (. + 0x800)
 *fill*         0x0000000080001cdc      0x800 
                0x00000000800024dc                __HeapLimit = .

.stack          0x00000000800024dc  0x7fffff8
                0x00000000800024dc                . = ALIGN (0x4)
                0x00000000800024dc                __StackLimit = .
 *(.stack*)
                0x00000000880024d4                . = (. + 0x7fffff8)
 *fill*         0x00000000800024dc  0x7fffff8 
                0x00000000880024d4                __StackTop = .
                0x00000000880024d4                _stack = __StackTop
OUTPUT(Debug/main.out elf32-littlearm)

.debug_info     0x0000000000000000     0x2842
 .debug_info    0x0000000000000000      0x26c Debug/consoleUtils.o
 .debug_info    0x000000000000026c       0x74 Debug/main.o
 .debug_info    0x00000000000002e0      0x137 Debug/uartConsole.o
 .debug_info    0x0000000000000417      0x64e Debug/uartStdio.o
 .debug_info    0x0000000000000a65     0x1335 Debug/uart_irda_cir.o
 .debug_info    0x0000000000001d9a       0x9f lib/Debug/libsystem_config.a(init.o)
 .debug_info    0x0000000000001e39       0xd2 lib/Debug/libsystem_config.a(startup.o)
 .debug_info    0x0000000000001f0b       0x9f lib/Debug/libsystem_config.a(cp15.o)
 .debug_info    0x0000000000001faa       0xb2 lib/Debug/libsystem_config.a(exceptionhandler.o)
 .debug_info    0x000000000000205c      0x3cf lib/Debug/libsystem_config.a(interrupt.o)
 .debug_info    0x000000000000242b       0xae /usr/lib/gcc/arm-none-eabi/4.9.3//libgcc.a(_udivsi3.o)
 .debug_info    0x00000000000024d9       0xae /usr/lib/gcc/arm-none-eabi/4.9.3//libgcc.a(_divsi3.o)
 .debug_info    0x0000000000002587       0xae /usr/lib/gcc/arm-none-eabi/4.9.3//libgcc.a(_dvmd_tls.o)
 .debug_info    0x0000000000002635       0xaf /usr/lib/gcc/arm-none-eabi/4.9.3//libgcc.a(_arm_addsubdf3.o)
 .debug_info    0x00000000000026e4       0xaf /usr/lib/gcc/arm-none-eabi/4.9.3//libgcc.a(_arm_truncdfsf2.o)
 .debug_info    0x0000000000002793       0xaf /usr/lib/gcc/arm-none-eabi/4.9.3//libgcc.a(_arm_cmpsf2.o)

.debug_abbrev   0x0000000000000000      0x83d
 .debug_abbrev  0x0000000000000000      0x154 Debug/consoleUtils.o
 .debug_abbrev  0x0000000000000154       0x62 Debug/main.o
 .debug_abbrev  0x00000000000001b6       0xa1 Debug/uartConsole.o
 .debug_abbrev  0x0000000000000257      0x184 Debug/uartStdio.o
 .debug_abbrev  0x00000000000003db      0x14c Debug/uart_irda_cir.o
 .debug_abbrev  0x0000000000000527       0x14 lib/Debug/libsystem_config.a(init.o)
 .debug_abbrev  0x000000000000053b       0xa2 lib/Debug/libsystem_config.a(startup.o)
 .debug_abbrev  0x00000000000005dd       0x14 lib/Debug/libsystem_config.a(cp15.o)
 .debug_abbrev  0x00000000000005f1       0x14 lib/Debug/libsystem_config.a(exceptionhandler.o)
 .debug_abbrev  0x0000000000000605      0x1c0 lib/Debug/libsystem_config.a(interrupt.o)
 .debug_abbrev  0x00000000000007c5       0x14 /usr/lib/gcc/arm-none-eabi/4.9.3//libgcc.a(_udivsi3.o)
 .debug_abbrev  0x00000000000007d9       0x14 /usr/lib/gcc/arm-none-eabi/4.9.3//libgcc.a(_divsi3.o)
 .debug_abbrev  0x00000000000007ed       0x14 /usr/lib/gcc/arm-none-eabi/4.9.3//libgcc.a(_dvmd_tls.o)
 .debug_abbrev  0x0000000000000801       0x14 /usr/lib/gcc/arm-none-eabi/4.9.3//libgcc.a(_arm_addsubdf3.o)
 .debug_abbrev  0x0000000000000815       0x14 /usr/lib/gcc/arm-none-eabi/4.9.3//libgcc.a(_arm_truncdfsf2.o)
 .debug_abbrev  0x0000000000000829       0x14 /usr/lib/gcc/arm-none-eabi/4.9.3//libgcc.a(_arm_cmpsf2.o)

.debug_aranges  0x0000000000000000      0x608
 .debug_aranges
                0x0000000000000000       0x58 Debug/consoleUtils.o
 .debug_aranges
                0x0000000000000058       0x20 Debug/main.o
 .debug_aranges
                0x0000000000000078       0x48 Debug/uartConsole.o
 .debug_aranges
                0x00000000000000c0       0x88 Debug/uartStdio.o
 .debug_aranges
                0x0000000000000148      0x268 Debug/uart_irda_cir.o
 .debug_aranges
                0x00000000000003b0       0x20 lib/Debug/libsystem_config.a(init.o)
 .debug_aranges
                0x00000000000003d0       0x28 lib/Debug/libsystem_config.a(startup.o)
 .debug_aranges
                0x00000000000003f8       0x20 lib/Debug/libsystem_config.a(cp15.o)
 .debug_aranges
                0x0000000000000418       0x20 lib/Debug/libsystem_config.a(exceptionhandler.o)
 .debug_aranges
                0x0000000000000438      0x110 lib/Debug/libsystem_config.a(interrupt.o)
 .debug_aranges
                0x0000000000000548       0x20 /usr/lib/gcc/arm-none-eabi/4.9.3//libgcc.a(_udivsi3.o)
 .debug_aranges
                0x0000000000000568       0x20 /usr/lib/gcc/arm-none-eabi/4.9.3//libgcc.a(_divsi3.o)
 .debug_aranges
                0x0000000000000588       0x20 /usr/lib/gcc/arm-none-eabi/4.9.3//libgcc.a(_dvmd_tls.o)
 .debug_aranges
                0x00000000000005a8       0x20 /usr/lib/gcc/arm-none-eabi/4.9.3//libgcc.a(_arm_addsubdf3.o)
 .debug_aranges
                0x00000000000005c8       0x20 /usr/lib/gcc/arm-none-eabi/4.9.3//libgcc.a(_arm_truncdfsf2.o)
 .debug_aranges
                0x00000000000005e8       0x20 /usr/lib/gcc/arm-none-eabi/4.9.3//libgcc.a(_arm_cmpsf2.o)

.debug_ranges   0x0000000000000000      0x478
 .debug_ranges  0x0000000000000000       0x48 Debug/consoleUtils.o
 .debug_ranges  0x0000000000000048       0x10 Debug/main.o
 .debug_ranges  0x0000000000000058       0x38 Debug/uartConsole.o
 .debug_ranges  0x0000000000000090       0x78 Debug/uartStdio.o
 .debug_ranges  0x0000000000000108      0x258 Debug/uart_irda_cir.o
 .debug_ranges  0x0000000000000360       0x18 lib/Debug/libsystem_config.a(startup.o)
 .debug_ranges  0x0000000000000378      0x100 lib/Debug/libsystem_config.a(interrupt.o)

.debug_line     0x0000000000000000     0x18eb
 .debug_line    0x0000000000000000      0x149 Debug/consoleUtils.o
 .debug_line    0x0000000000000149       0x4f Debug/main.o
 .debug_line    0x0000000000000198       0xaf Debug/uartConsole.o
 .debug_line    0x0000000000000247      0x58e Debug/uartStdio.o
 .debug_line    0x00000000000007d5      0x737 Debug/uart_irda_cir.o
 .debug_line    0x0000000000000f0c       0x8d lib/Debug/libsystem_config.a(init.o)
 .debug_line    0x0000000000000f99       0x90 lib/Debug/libsystem_config.a(startup.o)
 .debug_line    0x0000000000001029      0x184 lib/Debug/libsystem_config.a(cp15.o)
 .debug_line    0x00000000000011ad       0xb3 lib/Debug/libsystem_config.a(exceptionhandler.o)
 .debug_line    0x0000000000001260      0x2b7 lib/Debug/libsystem_config.a(interrupt.o)
 .debug_line    0x0000000000001517       0x78 /usr/lib/gcc/arm-none-eabi/4.9.3//libgcc.a(_udivsi3.o)
 .debug_line    0x000000000000158f       0x84 /usr/lib/gcc/arm-none-eabi/4.9.3//libgcc.a(_divsi3.o)
 .debug_line    0x0000000000001613       0x5b /usr/lib/gcc/arm-none-eabi/4.9.3//libgcc.a(_dvmd_tls.o)
 .debug_line    0x000000000000166e      0x15e /usr/lib/gcc/arm-none-eabi/4.9.3//libgcc.a(_arm_addsubdf3.o)
 .debug_line    0x00000000000017cc       0x83 /usr/lib/gcc/arm-none-eabi/4.9.3//libgcc.a(_arm_truncdfsf2.o)
 .debug_line    0x000000000000184f       0x9c /usr/lib/gcc/arm-none-eabi/4.9.3//libgcc.a(_arm_cmpsf2.o)

.debug_str      0x0000000000000000     0x11d4
 .debug_str     0x0000000000000000      0x2ba Debug/consoleUtils.o
                                        0x2fb (size before relaxing)
 .debug_str     0x00000000000002ba       0x1b Debug/main.o
                                        0x127 (size before relaxing)
 .debug_str     0x00000000000002d5       0xb6 Debug/uartConsole.o
                                        0x1e6 (size before relaxing)
 .debug_str     0x000000000000038b      0x19f Debug/uartStdio.o
                                        0x318 (size before relaxing)
 .debug_str     0x000000000000052a      0x872 Debug/uart_irda_cir.o
                                        0x9cd (size before relaxing)
 .debug_str     0x0000000000000d9c      0x192 lib/Debug/libsystem_config.a(startup.o)
                                        0x1bc (size before relaxing)
 .debug_str     0x0000000000000f2e      0x2a6 lib/Debug/libsystem_config.a(interrupt.o)
                                        0x407 (size before relaxing)

.comment        0x0000000000000000       0xa6
 .comment       0x0000000000000000       0x38 Debug/consoleUtils.o
                                         0x39 (size before relaxing)
 .comment       0x0000000000000038       0x39 Debug/main.o
 .comment       0x0000000000000038       0x39 Debug/uartConsole.o
 .comment       0x0000000000000038       0x39 Debug/uartStdio.o
 .comment       0x0000000000000038       0x39 Debug/uart_irda_cir.o
 .comment       0x0000000000000038       0x6e lib/Debug/libsystem_config.a(startup.o)
                                         0x6f (size before relaxing)
 .comment       0x00000000000000a6       0x6f lib/Debug/libsystem_config.a(interrupt.o)

.ARM.attributes
                0x0000000000000000       0x39
 .ARM.attributes
                0x0000000000000000       0x37 Debug/consoleUtils.o
 .ARM.attributes
                0x0000000000000037       0x37 Debug/main.o
 .ARM.attributes
                0x000000000000006e       0x37 Debug/uartConsole.o
 .ARM.attributes
                0x00000000000000a5       0x37 Debug/uartStdio.o
 .ARM.attributes
                0x00000000000000dc       0x37 Debug/uart_irda_cir.o
 .ARM.attributes
                0x0000000000000113       0x29 lib/Debug/libsystem_config.a(init.o)
 .ARM.attributes
                0x000000000000013c       0x3b lib/Debug/libsystem_config.a(startup.o)
 .ARM.attributes
                0x0000000000000177       0x29 lib/Debug/libsystem_config.a(cp15.o)
 .ARM.attributes
                0x00000000000001a0       0x29 lib/Debug/libsystem_config.a(exceptionhandler.o)
 .ARM.attributes
                0x00000000000001c9       0x3b lib/Debug/libsystem_config.a(interrupt.o)
 .ARM.attributes
                0x0000000000000204       0x18 /usr/lib/gcc/arm-none-eabi/4.9.3//libgcc.a(_udivsi3.o)
 .ARM.attributes
                0x000000000000021c       0x18 /usr/lib/gcc/arm-none-eabi/4.9.3//libgcc.a(_divsi3.o)
 .ARM.attributes
                0x0000000000000234       0x18 /usr/lib/gcc/arm-none-eabi/4.9.3//libgcc.a(_dvmd_tls.o)
 .ARM.attributes
                0x000000000000024c       0x18 /usr/lib/gcc/arm-none-eabi/4.9.3//libgcc.a(_arm_addsubdf3.o)
 .ARM.attributes
                0x0000000000000264       0x18 /usr/lib/gcc/arm-none-eabi/4.9.3//libgcc.a(_arm_truncdfsf2.o)
 .ARM.attributes
                0x000000000000027c       0x18 /usr/lib/gcc/arm-none-eabi/4.9.3//libgcc.a(_arm_cmpsf2.o)

.debug_frame    0x0000000000000000     0x11ec
 .debug_frame   0x0000000000000000      0x13c Debug/consoleUtils.o
 .debug_frame   0x000000000000013c       0x30 Debug/main.o
 .debug_frame   0x000000000000016c       0xc8 Debug/uartConsole.o
 .debug_frame   0x0000000000000234      0x1f8 Debug/uartStdio.o
 .debug_frame   0x000000000000042c      0x958 Debug/uart_irda_cir.o
 .debug_frame   0x0000000000000d84       0x4c lib/Debug/libsystem_config.a(startup.o)
 .debug_frame   0x0000000000000dd0      0x3dc lib/Debug/libsystem_config.a(interrupt.o)
 .debug_frame   0x00000000000011ac       0x20 /usr/lib/gcc/arm-none-eabi/4.9.3//libgcc.a(_udivsi3.o)
 .debug_frame   0x00000000000011cc       0x20 /usr/lib/gcc/arm-none-eabi/4.9.3//libgcc.a(_divsi3.o)
